ARM GAS  C:\Users\Svilen\AppData\Local\Temp\ccpgdRNq.s 			page 1


   1              		.cpu cortex-m0
   2              		.fpu softvfp
   3              		.eabi_attribute 20, 1
   4              		.eabi_attribute 21, 1
   5              		.eabi_attribute 23, 3
   6              		.eabi_attribute 24, 1
   7              		.eabi_attribute 25, 1
   8              		.eabi_attribute 26, 1
   9              		.eabi_attribute 30, 1
  10              		.eabi_attribute 34, 0
  11              		.eabi_attribute 18, 4
  12              		.code	16
  13              		.file	"LCD_Seg_PM.c"
  14              		.text
  15              	.Ltext0:
  16              		.cfi_sections	.debug_frame
  17              		.section	.text.LCD_Seg_SaveConfig,"ax",%progbits
  18              		.align	2
  19              		.global	LCD_Seg_SaveConfig
  20              		.code	16
  21              		.thumb_func
  22              		.type	LCD_Seg_SaveConfig, %function
  23              	LCD_Seg_SaveConfig:
  24              	.LFB0:
  25              		.file 1 ".\\Generated_Source\\PSoC4\\LCD_Seg_PM.c"
   1:.\Generated_Source\PSoC4/LCD_Seg_PM.c **** /*******************************************************************************
   2:.\Generated_Source\PSoC4/LCD_Seg_PM.c **** * File Name: LCD_Seg_PM.c
   3:.\Generated_Source\PSoC4/LCD_Seg_PM.c **** * Version 1.30
   4:.\Generated_Source\PSoC4/LCD_Seg_PM.c **** *
   5:.\Generated_Source\PSoC4/LCD_Seg_PM.c **** * Description:
   6:.\Generated_Source\PSoC4/LCD_Seg_PM.c **** *  This file provides the API source code for Power Management of the Segment
   7:.\Generated_Source\PSoC4/LCD_Seg_PM.c **** *  LCD component.
   8:.\Generated_Source\PSoC4/LCD_Seg_PM.c **** *
   9:.\Generated_Source\PSoC4/LCD_Seg_PM.c **** * Note:
  10:.\Generated_Source\PSoC4/LCD_Seg_PM.c **** *  None
  11:.\Generated_Source\PSoC4/LCD_Seg_PM.c **** *
  12:.\Generated_Source\PSoC4/LCD_Seg_PM.c **** ********************************************************************************
  13:.\Generated_Source\PSoC4/LCD_Seg_PM.c **** * Copyright 2013-2015, Cypress Semiconductor Corporation.  All rights reserved.
  14:.\Generated_Source\PSoC4/LCD_Seg_PM.c **** * You may use this file only in accordance with the license, terms, conditions,
  15:.\Generated_Source\PSoC4/LCD_Seg_PM.c **** * disclaimers, and limitations in the end user license agreement accompanying
  16:.\Generated_Source\PSoC4/LCD_Seg_PM.c **** * the software package with which this file was provided.
  17:.\Generated_Source\PSoC4/LCD_Seg_PM.c **** *******************************************************************************/
  18:.\Generated_Source\PSoC4/LCD_Seg_PM.c **** 
  19:.\Generated_Source\PSoC4/LCD_Seg_PM.c **** #include "LCD_Seg.h"
  20:.\Generated_Source\PSoC4/LCD_Seg_PM.c **** 
  21:.\Generated_Source\PSoC4/LCD_Seg_PM.c **** 
  22:.\Generated_Source\PSoC4/LCD_Seg_PM.c **** /*******************************************************************************
  23:.\Generated_Source\PSoC4/LCD_Seg_PM.c **** * Function Name: LCD_Seg_SaveConfig
  24:.\Generated_Source\PSoC4/LCD_Seg_PM.c **** ********************************************************************************
  25:.\Generated_Source\PSoC4/LCD_Seg_PM.c **** *
  26:.\Generated_Source\PSoC4/LCD_Seg_PM.c **** * Summary:
  27:.\Generated_Source\PSoC4/LCD_Seg_PM.c **** *  Saves user data. This API is called by LCD_Seg_Sleep() function.
  28:.\Generated_Source\PSoC4/LCD_Seg_PM.c **** *
  29:.\Generated_Source\PSoC4/LCD_Seg_PM.c **** * Parameters:
  30:.\Generated_Source\PSoC4/LCD_Seg_PM.c **** *  None.
  31:.\Generated_Source\PSoC4/LCD_Seg_PM.c **** *
  32:.\Generated_Source\PSoC4/LCD_Seg_PM.c **** * Return:
ARM GAS  C:\Users\Svilen\AppData\Local\Temp\ccpgdRNq.s 			page 2


  33:.\Generated_Source\PSoC4/LCD_Seg_PM.c **** *  None.
  34:.\Generated_Source\PSoC4/LCD_Seg_PM.c **** *
  35:.\Generated_Source\PSoC4/LCD_Seg_PM.c **** *******************************************************************************/
  36:.\Generated_Source\PSoC4/LCD_Seg_PM.c **** void LCD_Seg_SaveConfig(void)
  37:.\Generated_Source\PSoC4/LCD_Seg_PM.c **** {
  26              		.loc 1 37 0
  27              		.cfi_startproc
  38:.\Generated_Source\PSoC4/LCD_Seg_PM.c ****     /* Nothing to save for current version of the component */
  39:.\Generated_Source\PSoC4/LCD_Seg_PM.c **** }
  28              		.loc 1 39 0
  29              		@ sp needed
  30 0000 7047     		bx	lr
  31              		.cfi_endproc
  32              	.LFE0:
  33              		.size	LCD_Seg_SaveConfig, .-LCD_Seg_SaveConfig
  34 0002 C046     		.section	.text.LCD_Seg_RestoreConfig,"ax",%progbits
  35              		.align	2
  36              		.global	LCD_Seg_RestoreConfig
  37              		.code	16
  38              		.thumb_func
  39              		.type	LCD_Seg_RestoreConfig, %function
  40              	LCD_Seg_RestoreConfig:
  41              	.LFB1:
  40:.\Generated_Source\PSoC4/LCD_Seg_PM.c **** 
  41:.\Generated_Source\PSoC4/LCD_Seg_PM.c **** 
  42:.\Generated_Source\PSoC4/LCD_Seg_PM.c **** /*******************************************************************************
  43:.\Generated_Source\PSoC4/LCD_Seg_PM.c **** * Function Name: LCD_Seg_RestoreConfig
  44:.\Generated_Source\PSoC4/LCD_Seg_PM.c **** ********************************************************************************
  45:.\Generated_Source\PSoC4/LCD_Seg_PM.c **** *
  46:.\Generated_Source\PSoC4/LCD_Seg_PM.c **** * Summary:
  47:.\Generated_Source\PSoC4/LCD_Seg_PM.c **** *  Restores user data. This API is called by LCD_Seg_Wakeup() function.
  48:.\Generated_Source\PSoC4/LCD_Seg_PM.c **** *
  49:.\Generated_Source\PSoC4/LCD_Seg_PM.c **** * Parameters:
  50:.\Generated_Source\PSoC4/LCD_Seg_PM.c **** *  None.
  51:.\Generated_Source\PSoC4/LCD_Seg_PM.c **** *
  52:.\Generated_Source\PSoC4/LCD_Seg_PM.c **** * Return:
  53:.\Generated_Source\PSoC4/LCD_Seg_PM.c **** *  None.
  54:.\Generated_Source\PSoC4/LCD_Seg_PM.c **** *
  55:.\Generated_Source\PSoC4/LCD_Seg_PM.c **** *******************************************************************************/
  56:.\Generated_Source\PSoC4/LCD_Seg_PM.c **** void LCD_Seg_RestoreConfig(void)
  57:.\Generated_Source\PSoC4/LCD_Seg_PM.c **** {
  42              		.loc 1 57 0
  43              		.cfi_startproc
  58:.\Generated_Source\PSoC4/LCD_Seg_PM.c ****     /* Nothing to restore for current version of the component */
  59:.\Generated_Source\PSoC4/LCD_Seg_PM.c **** }
  44              		.loc 1 59 0
  45              		@ sp needed
  46 0000 7047     		bx	lr
  47              		.cfi_endproc
  48              	.LFE1:
  49              		.size	LCD_Seg_RestoreConfig, .-LCD_Seg_RestoreConfig
  50 0002 C046     		.section	.text.LCD_Seg_Sleep,"ax",%progbits
  51              		.align	2
  52              		.global	LCD_Seg_Sleep
  53              		.code	16
  54              		.thumb_func
  55              		.type	LCD_Seg_Sleep, %function
ARM GAS  C:\Users\Svilen\AppData\Local\Temp\ccpgdRNq.s 			page 3


  56              	LCD_Seg_Sleep:
  57              	.LFB2:
  60:.\Generated_Source\PSoC4/LCD_Seg_PM.c **** 
  61:.\Generated_Source\PSoC4/LCD_Seg_PM.c **** 
  62:.\Generated_Source\PSoC4/LCD_Seg_PM.c **** /*******************************************************************************
  63:.\Generated_Source\PSoC4/LCD_Seg_PM.c **** * Function Name: LCD_Seg_Sleep
  64:.\Generated_Source\PSoC4/LCD_Seg_PM.c **** ********************************************************************************
  65:.\Generated_Source\PSoC4/LCD_Seg_PM.c **** *
  66:.\Generated_Source\PSoC4/LCD_Seg_PM.c **** * Summary:
  67:.\Generated_Source\PSoC4/LCD_Seg_PM.c **** *  Prepares the component to enter Sleep mode.
  68:.\Generated_Source\PSoC4/LCD_Seg_PM.c **** *
  69:.\Generated_Source\PSoC4/LCD_Seg_PM.c **** * Parameters:
  70:.\Generated_Source\PSoC4/LCD_Seg_PM.c **** *  None.
  71:.\Generated_Source\PSoC4/LCD_Seg_PM.c **** *
  72:.\Generated_Source\PSoC4/LCD_Seg_PM.c **** * Return:
  73:.\Generated_Source\PSoC4/LCD_Seg_PM.c **** *  None.
  74:.\Generated_Source\PSoC4/LCD_Seg_PM.c **** *
  75:.\Generated_Source\PSoC4/LCD_Seg_PM.c **** *******************************************************************************/
  76:.\Generated_Source\PSoC4/LCD_Seg_PM.c **** void LCD_Seg_Sleep(void)
  77:.\Generated_Source\PSoC4/LCD_Seg_PM.c **** {
  58              		.loc 1 77 0
  59              		.cfi_startproc
  78:.\Generated_Source\PSoC4/LCD_Seg_PM.c ****     LCD_Seg_SaveConfig();
  79:.\Generated_Source\PSoC4/LCD_Seg_PM.c **** }
  60              		.loc 1 79 0
  61              		@ sp needed
  62 0000 7047     		bx	lr
  63              		.cfi_endproc
  64              	.LFE2:
  65              		.size	LCD_Seg_Sleep, .-LCD_Seg_Sleep
  66 0002 C046     		.section	.text.LCD_Seg_Wakeup,"ax",%progbits
  67              		.align	2
  68              		.global	LCD_Seg_Wakeup
  69              		.code	16
  70              		.thumb_func
  71              		.type	LCD_Seg_Wakeup, %function
  72              	LCD_Seg_Wakeup:
  73              	.LFB3:
  80:.\Generated_Source\PSoC4/LCD_Seg_PM.c **** 
  81:.\Generated_Source\PSoC4/LCD_Seg_PM.c **** 
  82:.\Generated_Source\PSoC4/LCD_Seg_PM.c **** /*******************************************************************************
  83:.\Generated_Source\PSoC4/LCD_Seg_PM.c **** * Function Name: LCD_Seg_Wakeup
  84:.\Generated_Source\PSoC4/LCD_Seg_PM.c **** ********************************************************************************
  85:.\Generated_Source\PSoC4/LCD_Seg_PM.c **** *
  86:.\Generated_Source\PSoC4/LCD_Seg_PM.c **** * Summary:
  87:.\Generated_Source\PSoC4/LCD_Seg_PM.c **** *  Restores component after exiting Sleep mode.
  88:.\Generated_Source\PSoC4/LCD_Seg_PM.c **** *
  89:.\Generated_Source\PSoC4/LCD_Seg_PM.c **** * Parameters:
  90:.\Generated_Source\PSoC4/LCD_Seg_PM.c **** *  None.
  91:.\Generated_Source\PSoC4/LCD_Seg_PM.c **** *
  92:.\Generated_Source\PSoC4/LCD_Seg_PM.c **** * Return:
  93:.\Generated_Source\PSoC4/LCD_Seg_PM.c **** *  None.
  94:.\Generated_Source\PSoC4/LCD_Seg_PM.c **** *
  95:.\Generated_Source\PSoC4/LCD_Seg_PM.c **** *******************************************************************************/
  96:.\Generated_Source\PSoC4/LCD_Seg_PM.c **** void LCD_Seg_Wakeup(void)
  97:.\Generated_Source\PSoC4/LCD_Seg_PM.c **** {
  74              		.loc 1 97 0
ARM GAS  C:\Users\Svilen\AppData\Local\Temp\ccpgdRNq.s 			page 4


  75              		.cfi_startproc
  98:.\Generated_Source\PSoC4/LCD_Seg_PM.c ****     LCD_Seg_RestoreConfig();
  99:.\Generated_Source\PSoC4/LCD_Seg_PM.c **** }
  76              		.loc 1 99 0
  77              		@ sp needed
  78 0000 7047     		bx	lr
  79              		.cfi_endproc
  80              	.LFE3:
  81              		.size	LCD_Seg_Wakeup, .-LCD_Seg_Wakeup
  82 0002 C046     		.text
  83              	.Letext0:
  84              		.section	.debug_info,"",%progbits
  85              	.Ldebug_info0:
  86 0000 C8000000 		.4byte	0xc8
  87 0004 0400     		.2byte	0x4
  88 0006 00000000 		.4byte	.Ldebug_abbrev0
  89 000a 04       		.byte	0x4
  90 000b 01       		.uleb128 0x1
  91 000c 16010000 		.4byte	.LASF17
  92 0010 01       		.byte	0x1
  93 0011 C2000000 		.4byte	.LASF18
  94 0015 6B000000 		.4byte	.LASF19
  95 0019 00000000 		.4byte	.Ldebug_ranges0+0
  96 001d 00000000 		.4byte	0
  97 0021 00000000 		.4byte	.Ldebug_line0
  98 0025 02       		.uleb128 0x2
  99 0026 01       		.byte	0x1
 100 0027 06       		.byte	0x6
 101 0028 FB000000 		.4byte	.LASF0
 102 002c 02       		.uleb128 0x2
 103 002d 01       		.byte	0x1
 104 002e 08       		.byte	0x8
 105 002f 9F000000 		.4byte	.LASF1
 106 0033 02       		.uleb128 0x2
 107 0034 02       		.byte	0x2
 108 0035 05       		.byte	0x5
 109 0036 BA010000 		.4byte	.LASF2
 110 003a 02       		.uleb128 0x2
 111 003b 02       		.byte	0x2
 112 003c 07       		.byte	0x7
 113 003d E8000000 		.4byte	.LASF3
 114 0041 02       		.uleb128 0x2
 115 0042 04       		.byte	0x4
 116 0043 05       		.byte	0x5
 117 0044 B2000000 		.4byte	.LASF4
 118 0048 02       		.uleb128 0x2
 119 0049 04       		.byte	0x4
 120 004a 07       		.byte	0x7
 121 004b 3C000000 		.4byte	.LASF5
 122 004f 02       		.uleb128 0x2
 123 0050 08       		.byte	0x8
 124 0051 05       		.byte	0x5
 125 0052 00000000 		.4byte	.LASF6
 126 0056 02       		.uleb128 0x2
 127 0057 08       		.byte	0x8
 128 0058 07       		.byte	0x7
 129 0059 4E000000 		.4byte	.LASF7
ARM GAS  C:\Users\Svilen\AppData\Local\Temp\ccpgdRNq.s 			page 5


 130 005d 03       		.uleb128 0x3
 131 005e 04       		.byte	0x4
 132 005f 05       		.byte	0x5
 133 0060 696E7400 		.ascii	"int\000"
 134 0064 02       		.uleb128 0x2
 135 0065 04       		.byte	0x4
 136 0066 07       		.byte	0x7
 137 0067 0E000000 		.4byte	.LASF8
 138 006b 02       		.uleb128 0x2
 139 006c 04       		.byte	0x4
 140 006d 04       		.byte	0x4
 141 006e 65000000 		.4byte	.LASF9
 142 0072 02       		.uleb128 0x2
 143 0073 08       		.byte	0x8
 144 0074 04       		.byte	0x4
 145 0075 BB000000 		.4byte	.LASF10
 146 0079 02       		.uleb128 0x2
 147 007a 01       		.byte	0x1
 148 007b 08       		.byte	0x8
 149 007c AD000000 		.4byte	.LASF11
 150 0080 02       		.uleb128 0x2
 151 0081 04       		.byte	0x4
 152 0082 07       		.byte	0x7
 153 0083 C4010000 		.4byte	.LASF12
 154 0087 04       		.uleb128 0x4
 155 0088 29000000 		.4byte	.LASF13
 156 008c 01       		.byte	0x1
 157 008d 24       		.byte	0x24
 158 008e 00000000 		.4byte	.LFB0
 159 0092 02000000 		.4byte	.LFE0-.LFB0
 160 0096 01       		.uleb128 0x1
 161 0097 9C       		.byte	0x9c
 162 0098 04       		.uleb128 0x4
 163 0099 A4010000 		.4byte	.LASF14
 164 009d 01       		.byte	0x1
 165 009e 38       		.byte	0x38
 166 009f 00000000 		.4byte	.LFB1
 167 00a3 02000000 		.4byte	.LFE1-.LFB1
 168 00a7 01       		.uleb128 0x1
 169 00a8 9C       		.byte	0x9c
 170 00a9 04       		.uleb128 0x4
 171 00aa 1B000000 		.4byte	.LASF15
 172 00ae 01       		.byte	0x1
 173 00af 4C       		.byte	0x4c
 174 00b0 00000000 		.4byte	.LFB2
 175 00b4 02000000 		.4byte	.LFE2-.LFB2
 176 00b8 01       		.uleb128 0x1
 177 00b9 9C       		.byte	0x9c
 178 00ba 04       		.uleb128 0x4
 179 00bb 07010000 		.4byte	.LASF16
 180 00bf 01       		.byte	0x1
 181 00c0 60       		.byte	0x60
 182 00c1 00000000 		.4byte	.LFB3
 183 00c5 02000000 		.4byte	.LFE3-.LFB3
 184 00c9 01       		.uleb128 0x1
 185 00ca 9C       		.byte	0x9c
 186 00cb 00       		.byte	0
ARM GAS  C:\Users\Svilen\AppData\Local\Temp\ccpgdRNq.s 			page 6


 187              		.section	.debug_abbrev,"",%progbits
 188              	.Ldebug_abbrev0:
 189 0000 01       		.uleb128 0x1
 190 0001 11       		.uleb128 0x11
 191 0002 01       		.byte	0x1
 192 0003 25       		.uleb128 0x25
 193 0004 0E       		.uleb128 0xe
 194 0005 13       		.uleb128 0x13
 195 0006 0B       		.uleb128 0xb
 196 0007 03       		.uleb128 0x3
 197 0008 0E       		.uleb128 0xe
 198 0009 1B       		.uleb128 0x1b
 199 000a 0E       		.uleb128 0xe
 200 000b 55       		.uleb128 0x55
 201 000c 17       		.uleb128 0x17
 202 000d 11       		.uleb128 0x11
 203 000e 01       		.uleb128 0x1
 204 000f 10       		.uleb128 0x10
 205 0010 17       		.uleb128 0x17
 206 0011 00       		.byte	0
 207 0012 00       		.byte	0
 208 0013 02       		.uleb128 0x2
 209 0014 24       		.uleb128 0x24
 210 0015 00       		.byte	0
 211 0016 0B       		.uleb128 0xb
 212 0017 0B       		.uleb128 0xb
 213 0018 3E       		.uleb128 0x3e
 214 0019 0B       		.uleb128 0xb
 215 001a 03       		.uleb128 0x3
 216 001b 0E       		.uleb128 0xe
 217 001c 00       		.byte	0
 218 001d 00       		.byte	0
 219 001e 03       		.uleb128 0x3
 220 001f 24       		.uleb128 0x24
 221 0020 00       		.byte	0
 222 0021 0B       		.uleb128 0xb
 223 0022 0B       		.uleb128 0xb
 224 0023 3E       		.uleb128 0x3e
 225 0024 0B       		.uleb128 0xb
 226 0025 03       		.uleb128 0x3
 227 0026 08       		.uleb128 0x8
 228 0027 00       		.byte	0
 229 0028 00       		.byte	0
 230 0029 04       		.uleb128 0x4
 231 002a 2E       		.uleb128 0x2e
 232 002b 00       		.byte	0
 233 002c 3F       		.uleb128 0x3f
 234 002d 19       		.uleb128 0x19
 235 002e 03       		.uleb128 0x3
 236 002f 0E       		.uleb128 0xe
 237 0030 3A       		.uleb128 0x3a
 238 0031 0B       		.uleb128 0xb
 239 0032 3B       		.uleb128 0x3b
 240 0033 0B       		.uleb128 0xb
 241 0034 27       		.uleb128 0x27
 242 0035 19       		.uleb128 0x19
 243 0036 11       		.uleb128 0x11
ARM GAS  C:\Users\Svilen\AppData\Local\Temp\ccpgdRNq.s 			page 7


 244 0037 01       		.uleb128 0x1
 245 0038 12       		.uleb128 0x12
 246 0039 06       		.uleb128 0x6
 247 003a 40       		.uleb128 0x40
 248 003b 18       		.uleb128 0x18
 249 003c 9742     		.uleb128 0x2117
 250 003e 19       		.uleb128 0x19
 251 003f 00       		.byte	0
 252 0040 00       		.byte	0
 253 0041 00       		.byte	0
 254              		.section	.debug_aranges,"",%progbits
 255 0000 34000000 		.4byte	0x34
 256 0004 0200     		.2byte	0x2
 257 0006 00000000 		.4byte	.Ldebug_info0
 258 000a 04       		.byte	0x4
 259 000b 00       		.byte	0
 260 000c 0000     		.2byte	0
 261 000e 0000     		.2byte	0
 262 0010 00000000 		.4byte	.LFB0
 263 0014 02000000 		.4byte	.LFE0-.LFB0
 264 0018 00000000 		.4byte	.LFB1
 265 001c 02000000 		.4byte	.LFE1-.LFB1
 266 0020 00000000 		.4byte	.LFB2
 267 0024 02000000 		.4byte	.LFE2-.LFB2
 268 0028 00000000 		.4byte	.LFB3
 269 002c 02000000 		.4byte	.LFE3-.LFB3
 270 0030 00000000 		.4byte	0
 271 0034 00000000 		.4byte	0
 272              		.section	.debug_ranges,"",%progbits
 273              	.Ldebug_ranges0:
 274 0000 00000000 		.4byte	.LFB0
 275 0004 02000000 		.4byte	.LFE0
 276 0008 00000000 		.4byte	.LFB1
 277 000c 02000000 		.4byte	.LFE1
 278 0010 00000000 		.4byte	.LFB2
 279 0014 02000000 		.4byte	.LFE2
 280 0018 00000000 		.4byte	.LFB3
 281 001c 02000000 		.4byte	.LFE3
 282 0020 00000000 		.4byte	0
 283 0024 00000000 		.4byte	0
 284              		.section	.debug_line,"",%progbits
 285              	.Ldebug_line0:
 286 0000 84000000 		.section	.debug_str,"MS",%progbits,1
 286      02003C00 
 286      00000201 
 286      FB0E0D00 
 286      01010101 
 287              	.LASF6:
 288 0000 6C6F6E67 		.ascii	"long long int\000"
 288      206C6F6E 
 288      6720696E 
 288      7400
 289              	.LASF8:
 290 000e 756E7369 		.ascii	"unsigned int\000"
 290      676E6564 
 290      20696E74 
 290      00
ARM GAS  C:\Users\Svilen\AppData\Local\Temp\ccpgdRNq.s 			page 8


 291              	.LASF15:
 292 001b 4C43445F 		.ascii	"LCD_Seg_Sleep\000"
 292      5365675F 
 292      536C6565 
 292      7000
 293              	.LASF13:
 294 0029 4C43445F 		.ascii	"LCD_Seg_SaveConfig\000"
 294      5365675F 
 294      53617665 
 294      436F6E66 
 294      696700
 295              	.LASF5:
 296 003c 6C6F6E67 		.ascii	"long unsigned int\000"
 296      20756E73 
 296      69676E65 
 296      6420696E 
 296      7400
 297              	.LASF7:
 298 004e 6C6F6E67 		.ascii	"long long unsigned int\000"
 298      206C6F6E 
 298      6720756E 
 298      7369676E 
 298      65642069 
 299              	.LASF9:
 300 0065 666C6F61 		.ascii	"float\000"
 300      7400
 301              	.LASF19:
 302 006b 433A5C77 		.ascii	"C:\\work\\PSoC4\\VertushkaAnalog\\VertushkaAnalog.c"
 302      6F726B5C 
 302      50536F43 
 302      345C5665 
 302      72747573 
 303 009a 7964736E 		.ascii	"ydsn\000"
 303      00
 304              	.LASF1:
 305 009f 756E7369 		.ascii	"unsigned char\000"
 305      676E6564 
 305      20636861 
 305      7200
 306              	.LASF11:
 307 00ad 63686172 		.ascii	"char\000"
 307      00
 308              	.LASF4:
 309 00b2 6C6F6E67 		.ascii	"long int\000"
 309      20696E74 
 309      00
 310              	.LASF10:
 311 00bb 646F7562 		.ascii	"double\000"
 311      6C6500
 312              	.LASF18:
 313 00c2 2E5C4765 		.ascii	".\\Generated_Source\\PSoC4\\LCD_Seg_PM.c\000"
 313      6E657261 
 313      7465645F 
 313      536F7572 
 313      63655C50 
 314              	.LASF3:
 315 00e8 73686F72 		.ascii	"short unsigned int\000"
ARM GAS  C:\Users\Svilen\AppData\Local\Temp\ccpgdRNq.s 			page 9


 315      7420756E 
 315      7369676E 
 315      65642069 
 315      6E7400
 316              	.LASF0:
 317 00fb 7369676E 		.ascii	"signed char\000"
 317      65642063 
 317      68617200 
 318              	.LASF16:
 319 0107 4C43445F 		.ascii	"LCD_Seg_Wakeup\000"
 319      5365675F 
 319      57616B65 
 319      757000
 320              	.LASF17:
 321 0116 474E5520 		.ascii	"GNU C 4.9.3 20150303 (release) [ARM/embedded-4_9-br"
 321      4320342E 
 321      392E3320 
 321      32303135 
 321      30333033 
 322 0149 616E6368 		.ascii	"anch revision 221220] -mcpu=cortex-m0 -mthumb -g -O"
 322      20726576 
 322      6973696F 
 322      6E203232 
 322      31323230 
 323 017c 67202D66 		.ascii	"g -ffunction-sections -ffat-lto-objects\000"
 323      66756E63 
 323      74696F6E 
 323      2D736563 
 323      74696F6E 
 324              	.LASF14:
 325 01a4 4C43445F 		.ascii	"LCD_Seg_RestoreConfig\000"
 325      5365675F 
 325      52657374 
 325      6F726543 
 325      6F6E6669 
 326              	.LASF2:
 327 01ba 73686F72 		.ascii	"short int\000"
 327      7420696E 
 327      7400
 328              	.LASF12:
 329 01c4 73697A65 		.ascii	"sizetype\000"
 329      74797065 
 329      00
 330              		.ident	"GCC: (GNU Tools for ARM Embedded Processors) 4.9.3 20150303 (release) [ARM/embedded-4_9-br
